ASxxxx Linker V03.00 + NoICE + sdld,  page 1.
Hexadecimal  [32-Bits]

Area                                    Addr        Size        Decimal Bytes (Attributes)
--------------------------------        ----        ----        ------- ----- ------------
CABS                                00000000    00000000 =           0. bytes (ABS,CON,CODE)

      Value  Global                              Global Defined In Module
      -----  --------------------------------   ------------------------
C:   00000000  l_BIT_BANK                      
C:   00000000  l_CABS                          
C:   00000000  l_GSINIT1                       
C:   00000000  l_GSINIT5                       
C:   00000000  l_IABS                          
C:   00000000  l_ISEG                          
C:   00000000  l_PSEG                          
C:   00000000  l_REG_BANK_1                    
C:   00000000  l_REG_BANK_2                    
C:   00000000  l_REG_BANK_3                    
C:   00000000  l_RSEG                          
C:   00000000  l_RSEG0                         
C:   00000000  l_RSEG1                         
C:   00000000  l_XABS                          
C:   00000000  l_XINIT                         
C:   00000000  l_XISEG                         
C:   00000000  l_XSEG                          
C:   00000000  l__CODE                         
C:   00000000  s_BSEG                          
C:   00000000  s_CABS                          
C:   00000000  s_DSEG                          
C:   00000000  s_HOME                          
C:   00000000  s_IABS                          
C:   00000000  s_ISEG                          
C:   00000000  s_REG_BANK_0                    
C:   00000000  s_RSEG                          
C:   00000000  s_RSEG0                         
C:   00000000  s_RSEG1                         
C:   00000000  s_XABS                          
C:   00000001  l_BSEG_BYTES                    
C:   00000001  s_PSEG                          
C:   00000001  s_XISEG                         
C:   00000001  s_XSEG                          
C:   00000002  l_BSEG                          
C:   00000002  l_OSEG                          
C:   00000003  l_GSFINAL                       
C:   00000003  l_GSINIT0                       
C:   00000008  l_REG_BANK_0                    
C:   00000008  s_REG_BANK_1                    
C:   0000000A  l_GSINIT2                       
C:   0000000F  l_GSINIT                        
C:   00000010  l_CONST                         
C:   00000010  s_REG_BANK_2                    
C:   00000015  s_OSEG                          
C:   00000018  s_BIT_BANK                      
C:   00000018  s_REG_BANK_3                    
C:   00000020  s_BSEG_BYTES                    
C:   00000020  s__CODE                         
C:   00000021  s_SSEG                          
C:   00000022  l_GSINIT3                       
ASxxxx Linker V03.00 + NoICE + sdld,  page 2.
Hexadecimal  [32-Bits]

Area                                    Addr        Size        Decimal Bytes (Attributes)
--------------------------------        ----        ----        ------- ----- ------------
CABS                                00000000    00000000 =           0. bytes (ABS,CON,CODE)

      Value  Global                              Global Defined In Module
      -----  --------------------------------   ------------------------
C:   0000002A  l_GSINIT4                       
C:   00000051  l_HOME                          
C:   00000051  s_GSINIT0                       
C:   00000054  s_GSINIT1                       
C:   00000054  s_GSINIT2                       
C:   0000005E  s_GSINIT3                       
C:   0000005F  l_SSEG                          
C:   00000077  l_DSEG                          
C:   00000080  l_IRAM                          
C:   00000080  s_GSINIT4                       
C:   000000AA  s_GSINIT                        
C:   000000AA  s_GSINIT5                       
C:   000000B9  s_GSFINAL                       
C:   000000BC  s_CSEG                          
C:   000006E2  l_CSEG                          
C:   0000079E  s_CONST                         
C:   000007AE  s_XINIT                         

ASxxxx Linker V03.00 + NoICE + sdld,  page 3.
Hexadecimal  [32-Bits]

Area                                    Addr        Size        Decimal Bytes (Attributes)
--------------------------------        ----        ----        ------- ----- ------------
.  .ABS.                            00000000    00000000 =           0. bytes (ABS,CON)

      Value  Global                              Global Defined In Module
      -----  --------------------------------   ------------------------
     00000000  .__.ABS.                           _fsrshift
     00000080  G$P0$0$0                           Q2_adc
     00000080  G$P0_0$0$0                         Q2_adc
     00000080  _P0                                Q2_adc
     00000080  _P0_0                              Q2_adc
     00000081  G$P0_1$0$0                         Q2_adc
     00000081  G$SP$0$0                           Q2_adc
     00000081  _P0_1                              Q2_adc
     00000081  _SP                                Q2_adc
     00000082  G$DPL$0$0                          Q2_adc
     00000082  G$P0_2$0$0                         Q2_adc
     00000082  _DPL                               Q2_adc
     00000082  _P0_2                              Q2_adc
     00000083  G$DPH$0$0                          Q2_adc
     00000083  G$P0_3$0$0                         Q2_adc
     00000083  _DPH                               Q2_adc
     00000083  _P0_3                              Q2_adc
     00000084  G$P0_4$0$0                         Q2_adc
     00000084  _P0_4                              Q2_adc
     00000085  G$P0_5$0$0                         Q2_adc
     00000085  _P0_5                              Q2_adc
     00000086  G$P0_6$0$0                         Q2_adc
     00000086  _P0_6                              Q2_adc
     00000087  G$P0_7$0$0                         Q2_adc
     00000087  G$PCON$0$0                         Q2_adc
     00000087  _P0_7                              Q2_adc
     00000087  _PCON                              Q2_adc
     00000088  G$IT0$0$0                          Q2_adc
     00000088  G$TCON$0$0                         Q2_adc
     00000088  _IT0                               Q2_adc
     00000088  _TCON                              Q2_adc
     00000089  G$IE0$0$0                          Q2_adc
     00000089  G$TMOD$0$0                         Q2_adc
     00000089  _IE0                               Q2_adc
     00000089  _TMOD                              Q2_adc
     0000008A  G$IT1$0$0                          Q2_adc
     0000008A  G$TL0$0$0                          Q2_adc
     0000008A  _IT1                               Q2_adc
     0000008A  _TL0                               Q2_adc
     0000008B  G$IE1$0$0                          Q2_adc
     0000008B  G$TL1$0$0                          Q2_adc
     0000008B  _IE1                               Q2_adc
     0000008B  _TL1                               Q2_adc
     0000008C  G$TH0$0$0                          Q2_adc
     0000008C  G$TR0$0$0                          Q2_adc
     0000008C  _TH0                               Q2_adc
     0000008C  _TR0                               Q2_adc
     0000008D  G$TF0$0$0                          Q2_adc
     0000008D  G$TH1$0$0                          Q2_adc
     0000008D  _TF0                               Q2_adc
ASxxxx Linker V03.00 + NoICE + sdld,  page 4.
Hexadecimal  [32-Bits]

Area                                    Addr        Size        Decimal Bytes (Attributes)
--------------------------------        ----        ----        ------- ----- ------------
.  .ABS.                            00000000    00000000 =           0. bytes (ABS,CON)

      Value  Global                              Global Defined In Module
      -----  --------------------------------   ------------------------
     0000008D  _TH1                               Q2_adc
     0000008E  G$AUXR$0$0                         Q2_adc
     0000008E  G$TR1$0$0                          Q2_adc
     0000008E  _AUXR                              Q2_adc
     0000008E  _TR1                               Q2_adc
     0000008F  G$CKCON0$0$0                       Q2_adc
     0000008F  G$TF1$0$0                          Q2_adc
     0000008F  _CKCON0                            Q2_adc
     0000008F  _TF1                               Q2_adc
     00000090  G$P1$0$0                           Q2_adc
     00000090  G$P1_0$0$0                         Q2_adc
     00000090  _P1                                Q2_adc
     00000090  _P1_0                              Q2_adc
     00000091  G$P1_1$0$0                         Q2_adc
     00000091  _P1_1                              Q2_adc
     00000092  G$P1_2$0$0                         Q2_adc
     00000092  _P1_2                              Q2_adc
     00000093  G$P1_3$0$0                         Q2_adc
     00000093  G$SSCON$0$0                        Q2_adc
     00000093  _P1_3                              Q2_adc
     00000093  _SSCON                             Q2_adc
     00000094  G$P1_4$0$0                         Q2_adc
     00000094  G$SSCS$0$0                         Q2_adc
     00000094  _P1_4                              Q2_adc
     00000094  _SSCS                              Q2_adc
     00000095  G$P1_5$0$0                         Q2_adc
     00000095  G$SSDAT$0$0                        Q2_adc
     00000095  _P1_5                              Q2_adc
     00000095  _SSDAT                             Q2_adc
     00000096  G$P1_6$0$0                         Q2_adc
     00000096  G$SSADR$0$0                        Q2_adc
     00000096  _P1_6                              Q2_adc
     00000096  _SSADR                             Q2_adc
     00000097  G$P1_7$0$0                         Q2_adc
     00000097  _P1_7                              Q2_adc
     00000098  G$RI$0$0                           Q2_adc
     00000098  G$SCON$0$0                         Q2_adc
     00000098  _RI                                Q2_adc
     00000098  _SCON                              Q2_adc
     00000099  G$SBUF$0$0                         Q2_adc
     00000099  G$TI$0$0                           Q2_adc
     00000099  _SBUF                              Q2_adc
     00000099  _TI                                Q2_adc
     0000009A  G$BRL$0$0                          Q2_adc
     0000009A  G$RB8$0$0                          Q2_adc
     0000009A  _BRL                               Q2_adc
     0000009A  _RB8                               Q2_adc
     0000009B  G$BDRCON$0$0                       Q2_adc
     0000009B  G$TB8$0$0                          Q2_adc
     0000009B  _BDRCON                            Q2_adc
     0000009B  _TB8                               Q2_adc
ASxxxx Linker V03.00 + NoICE + sdld,  page 5.
Hexadecimal  [32-Bits]

Area                                    Addr        Size        Decimal Bytes (Attributes)
--------------------------------        ----        ----        ------- ----- ------------
.  .ABS.                            00000000    00000000 =           0. bytes (ABS,CON)

      Value  Global                              Global Defined In Module
      -----  --------------------------------   ------------------------
     0000009C  G$KBLS$0$0                         Q2_adc
     0000009C  G$REN$0$0                          Q2_adc
     0000009C  _KBLS                              Q2_adc
     0000009C  _REN                               Q2_adc
     0000009D  G$KBE$0$0                          Q2_adc
     0000009D  G$SM2$0$0                          Q2_adc
     0000009D  _KBE                               Q2_adc
     0000009D  _SM2                               Q2_adc
     0000009E  G$KBF$0$0                          Q2_adc
     0000009E  G$SM1$0$0                          Q2_adc
     0000009E  _KBF                               Q2_adc
     0000009E  _SM1                               Q2_adc
     0000009F  G$FE$0$0                           Q2_adc
     0000009F  G$SM0$0$0                          Q2_adc
     0000009F  _FE                                Q2_adc
     0000009F  _SM0                               Q2_adc
     000000A0  G$P2$0$0                           Q2_adc
     000000A0  G$P2_0$0$0                         Q2_adc
     000000A0  _P2                                Q2_adc
     000000A0  _P2_0                              Q2_adc
     000000A0  __XPAGE                            
     000000A1  G$P2_1$0$0                         Q2_adc
     000000A1  _P2_1                              Q2_adc
     000000A2  G$AUXR1$0$0                        Q2_adc
     000000A2  G$P2_2$0$0                         Q2_adc
     000000A2  _AUXR1                             Q2_adc
     000000A2  _P2_2                              Q2_adc
     000000A3  G$P2_3$0$0                         Q2_adc
     000000A3  G$PLLCON$0$0                       Q2_adc
     000000A3  _P2_3                              Q2_adc
     000000A3  _PLLCON                            Q2_adc
     000000A4  G$P2_4$0$0                         Q2_adc
     000000A4  G$PLLDIV$0$0                       Q2_adc
     000000A4  _P2_4                              Q2_adc
     000000A4  _PLLDIV                            Q2_adc
     000000A5  G$P2_5$0$0                         Q2_adc
     000000A5  _P2_5                              Q2_adc
     000000A6  G$P2_6$0$0                         Q2_adc
     000000A6  G$WDTRST$0$0                       Q2_adc
     000000A6  _P2_6                              Q2_adc
     000000A6  _WDTRST                            Q2_adc
     000000A7  G$P2_7$0$0                         Q2_adc
     000000A7  G$WDTPRG$0$0                       Q2_adc
     000000A7  _P2_7                              Q2_adc
     000000A7  _WDTPRG                            Q2_adc
     000000A8  G$EX0$0$0                          Q2_adc
     000000A8  G$IE$0$0                           Q2_adc
     000000A8  G$IEN0$0$0                         Q2_adc
     000000A8  _EX0                               Q2_adc
     000000A8  _IE                                Q2_adc
     000000A8  _IEN0                              Q2_adc
ASxxxx Linker V03.00 + NoICE + sdld,  page 6.
Hexadecimal  [32-Bits]

Area                                    Addr        Size        Decimal Bytes (Attributes)
--------------------------------        ----        ----        ------- ----- ------------
.  .ABS.                            00000000    00000000 =           0. bytes (ABS,CON)

      Value  Global                              Global Defined In Module
      -----  --------------------------------   ------------------------
     000000A9  G$ET0$0$0                          Q2_adc
     000000A9  G$SADDR$0$0                        Q2_adc
     000000A9  _ET0                               Q2_adc
     000000A9  _SADDR                             Q2_adc
     000000AA  G$EX1$0$0                          Q2_adc
     000000AA  _EX1                               Q2_adc
     000000AB  G$ET1$0$0                          Q2_adc
     000000AB  _ET1                               Q2_adc
     000000AC  G$ES$0$0                           Q2_adc
     000000AC  _ES                                Q2_adc
     000000AD  G$ET2$0$0                          Q2_adc
     000000AD  _ET2                               Q2_adc
     000000AE  G$EC$0$0                           Q2_adc
     000000AE  _EC                                Q2_adc
     000000AF  G$CKCON1$0$0                       Q2_adc
     000000AF  G$EA$0$0                           Q2_adc
     000000AF  _CKCON1                            Q2_adc
     000000AF  _EA                                Q2_adc
     000000B0  G$P3$0$0                           Q2_adc
     000000B0  G$P3_0$0$0                         Q2_adc
     000000B0  _P3                                Q2_adc
     000000B0  _P3_0                              Q2_adc
     000000B1  G$IEN1$0$0                         Q2_adc
     000000B1  G$P3_1$0$0                         Q2_adc
     000000B1  _IEN1                              Q2_adc
     000000B1  _P3_1                              Q2_adc
     000000B2  G$IPL1$0$0                         Q2_adc
     000000B2  G$P3_2$0$0                         Q2_adc
     000000B2  _IPL1                              Q2_adc
     000000B2  _P3_2                              Q2_adc
     000000B3  G$IPH1$0$0                         Q2_adc
     000000B3  G$P3_3$0$0                         Q2_adc
     000000B3  _IPH1                              Q2_adc
     000000B3  _P3_3                              Q2_adc
     000000B4  G$P3_4$0$0                         Q2_adc
     000000B4  _P3_4                              Q2_adc
     000000B5  G$P3_5$0$0                         Q2_adc
     000000B5  _P3_5                              Q2_adc
     000000B6  G$P3_6$0$0                         Q2_adc
     000000B6  _P3_6                              Q2_adc
     000000B7  G$IPH0$0$0                         Q2_adc
     000000B7  G$P3_7$0$0                         Q2_adc
     000000B7  _IPH0                              Q2_adc
     000000B7  _P3_7                              Q2_adc
     000000B8  G$IPL0$0$0                         Q2_adc
     000000B8  G$PX0L$0$0                         Q2_adc
     000000B8  _IPL0                              Q2_adc
     000000B8  _PX0L                              Q2_adc
     000000B9  G$PT0L$0$0                         Q2_adc
     000000B9  G$SADEN$0$0                        Q2_adc
     000000B9  _PT0L                              Q2_adc
ASxxxx Linker V03.00 + NoICE + sdld,  page 7.
Hexadecimal  [32-Bits]

Area                                    Addr        Size        Decimal Bytes (Attributes)
--------------------------------        ----        ----        ------- ----- ------------
.  .ABS.                            00000000    00000000 =           0. bytes (ABS,CON)

      Value  Global                              Global Defined In Module
      -----  --------------------------------   ------------------------
     000000B9  _SADEN                             Q2_adc
     000000BA  G$PX1L$0$0                         Q2_adc
     000000BA  G$UFNUML$0$0                       Q2_adc
     000000BA  _PX1L                              Q2_adc
     000000BA  _UFNUML                            Q2_adc
     000000BB  G$PT1L$0$0                         Q2_adc
     000000BB  G$UFNUMH$0$0                       Q2_adc
     000000BB  _PT1L                              Q2_adc
     000000BB  _UFNUMH                            Q2_adc
     000000BC  G$PSL$0$0                          Q2_adc
     000000BC  G$USBCON$0$0                       Q2_adc
     000000BC  _PSL                               Q2_adc
     000000BC  _USBCON                            Q2_adc
     000000BD  G$PT2L$0$0                         Q2_adc
     000000BD  G$USBINT$0$0                       Q2_adc
     000000BD  _PT2L                              Q2_adc
     000000BD  _USBINT                            Q2_adc
     000000BE  G$PPCL$0$0                         Q2_adc
     000000BE  G$USBIEN$0$0                       Q2_adc
     000000BE  _PPCL                              Q2_adc
     000000BE  _USBIEN                            Q2_adc
     000000C0  G$P4$0$0                           Q2_adc
     000000C0  G$P4_0$0$0                         Q2_adc
     000000C0  _P4                                Q2_adc
     000000C0  _P4_0                              Q2_adc
     000000C1  G$P4_1$0$0                         Q2_adc
     000000C1  _P4_1                              Q2_adc
     000000C2  G$UEPIEN$0$0                       Q2_adc
     000000C2  _UEPIEN                            Q2_adc
     000000C3  G$SPCON$0$0                        Q2_adc
     000000C3  _SPCON                             Q2_adc
     000000C4  G$SPSTA$0$0                        Q2_adc
     000000C4  _SPSTA                             Q2_adc
     000000C5  G$SPDAT$0$0                        Q2_adc
     000000C5  _SPDAT                             Q2_adc
     000000C6  G$USBADDR$0$0                      Q2_adc
     000000C6  _USBADDR                           Q2_adc
     000000C7  G$UEPNUM$0$0                       Q2_adc
     000000C7  _UEPNUM                            Q2_adc
     000000C8  G$CP_RL2$0$0                       Q2_adc
     000000C8  G$T2CON$0$0                        Q2_adc
     000000C8  _CP_RL2                            Q2_adc
     000000C8  _T2CON                             Q2_adc
     000000C9  G$C_T2$0$0                         Q2_adc
     000000C9  G$T2MOD$0$0                        Q2_adc
     000000C9  _C_T2                              Q2_adc
     000000C9  _T2MOD                             Q2_adc
     000000CA  G$RCAP2L$0$0                       Q2_adc
     000000CA  G$TR2$0$0                          Q2_adc
     000000CA  _RCAP2L                            Q2_adc
     000000CA  _TR2                               Q2_adc
ASxxxx Linker V03.00 + NoICE + sdld,  page 8.
Hexadecimal  [32-Bits]

Area                                    Addr        Size        Decimal Bytes (Attributes)
--------------------------------        ----        ----        ------- ----- ------------
.  .ABS.                            00000000    00000000 =           0. bytes (ABS,CON)

      Value  Global                              Global Defined In Module
      -----  --------------------------------   ------------------------
     000000CB  G$EXEN2$0$0                        Q2_adc
     000000CB  G$RCAP2H$0$0                       Q2_adc
     000000CB  _EXEN2                             Q2_adc
     000000CB  _RCAP2H                            Q2_adc
     000000CC  G$TCLK$0$0                         Q2_adc
     000000CC  G$TL2$0$0                          Q2_adc
     000000CC  _TCLK                              Q2_adc
     000000CC  _TL2                               Q2_adc
     000000CD  G$RCLK$0$0                         Q2_adc
     000000CD  G$TH2$0$0                          Q2_adc
     000000CD  _RCLK                              Q2_adc
     000000CD  _TH2                               Q2_adc
     000000CE  G$EXF2$0$0                         Q2_adc
     000000CE  G$UEPSTAX$0$0                      Q2_adc
     000000CE  _EXF2                              Q2_adc
     000000CE  _UEPSTAX                           Q2_adc
     000000CF  G$TF2$0$0                          Q2_adc
     000000CF  G$UEPDATX$0$0                      Q2_adc
     000000CF  _TF2                               Q2_adc
     000000CF  _UEPDATX                           Q2_adc
     000000D0  G$P$0$0                            Q2_adc
     000000D0  G$PSW$0$0                          Q2_adc
     000000D0  _P                                 Q2_adc
     000000D0  _PSW                               Q2_adc
     000000D1  G$F1$0$0                           Q2_adc
     000000D1  G$FCON$0$0                         Q2_adc
     000000D1  _F1                                Q2_adc
     000000D1  _FCON                              Q2_adc
     000000D2  G$EECON$0$0                        Q2_adc
     000000D2  G$OV$0$0                           Q2_adc
     000000D2  _EECON                             Q2_adc
     000000D2  _OV                                Q2_adc
     000000D3  G$RS0$0$0                          Q2_adc
     000000D3  _RS0                               Q2_adc
     000000D4  G$RS1$0$0                          Q2_adc
     000000D4  G$UEPCONX$0$0                      Q2_adc
     000000D4  _RS1                               Q2_adc
     000000D4  _UEPCONX                           Q2_adc
     000000D5  G$F0$0$0                           Q2_adc
     000000D5  G$UEPRST$0$0                       Q2_adc
     000000D5  _F0                                Q2_adc
     000000D5  _UEPRST                            Q2_adc
     000000D6  G$AC$0$0                           Q2_adc
     000000D6  _AC                                Q2_adc
     000000D7  G$CY$0$0                           Q2_adc
     000000D7  _CY                                Q2_adc
     000000D8  G$CCF0$0$0                         Q2_adc
     000000D8  G$CCON$0$0                         Q2_adc
     000000D8  _CCF0                              Q2_adc
     000000D8  _CCON                              Q2_adc
     000000D9  G$CCF1$0$0                         Q2_adc
ASxxxx Linker V03.00 + NoICE + sdld,  page 9.
Hexadecimal  [32-Bits]

Area                                    Addr        Size        Decimal Bytes (Attributes)
--------------------------------        ----        ----        ------- ----- ------------
.  .ABS.                            00000000    00000000 =           0. bytes (ABS,CON)

      Value  Global                              Global Defined In Module
      -----  --------------------------------   ------------------------
     000000D9  G$CMOD$0$0                         Q2_adc
     000000D9  _CCF1                              Q2_adc
     000000D9  _CMOD                              Q2_adc
     000000DA  G$CCAPM0$0$0                       Q2_adc
     000000DA  G$CCF2$0$0                         Q2_adc
     000000DA  _CCAPM0                            Q2_adc
     000000DA  _CCF2                              Q2_adc
     000000DB  G$CCAPM1$0$0                       Q2_adc
     000000DB  G$CCF3$0$0                         Q2_adc
     000000DB  _CCAPM1                            Q2_adc
     000000DB  _CCF3                              Q2_adc
     000000DC  G$CCAPM2$0$0                       Q2_adc
     000000DC  G$CCF4$0$0                         Q2_adc
     000000DC  _CCAPM2                            Q2_adc
     000000DC  _CCF4                              Q2_adc
     000000DD  G$CCAPM3$0$0                       Q2_adc
     000000DD  _CCAPM3                            Q2_adc
     000000DE  G$CCAPM4$0$0                       Q2_adc
     000000DE  G$CR$0$0                           Q2_adc
     000000DE  _CCAPM4                            Q2_adc
     000000DE  _CR                                Q2_adc
     000000DF  G$CF$0$0                           Q2_adc
     000000DF  _CF                                Q2_adc
     000000E0  G$ACC$0$0                          Q2_adc
     000000E0  _ACC                               Q2_adc
     000000E2  G$UBYCTLX$0$0                      Q2_adc
     000000E2  _UBYCTLX                           Q2_adc
     000000E3  G$UBYCTHX$0$0                      Q2_adc
     000000E3  _UBYCTHX                           Q2_adc
     000000E9  G$CL$0$0                           Q2_adc
     000000E9  _CL                                Q2_adc
     000000EA  G$CCAP0L$0$0                       Q2_adc
     000000EA  _CCAP0L                            Q2_adc
     000000EB  G$CCAP1L$0$0                       Q2_adc
     000000EB  _CCAP1L                            Q2_adc
     000000EC  G$CCAP2L$0$0                       Q2_adc
     000000EC  _CCAP2L                            Q2_adc
     000000ED  G$CCAP3L$0$0                       Q2_adc
     000000ED  _CCAP3L                            Q2_adc
     000000EE  G$CCAP4L$0$0                       Q2_adc
     000000EE  _CCAP4L                            Q2_adc
     000000F0  G$B$0$0                            Q2_adc
     000000F0  _B                                 Q2_adc
     000000F1  G$LEDCON$0$0                       Q2_adc
     000000F1  _LEDCON                            Q2_adc
     000000F5  _B_5                               _gptrget
     000000F6  _B_6                               _gptrget
     000000F7  _B_7                               _gptrget
     000000F8  G$EP0INT$0$0                       Q2_adc
     000000F8  G$UEPINT$0$0                       Q2_adc
     000000F8  _EP0INT                            Q2_adc
ASxxxx Linker V03.00 + NoICE + sdld,  page 10.
Hexadecimal  [32-Bits]

Area                                    Addr        Size        Decimal Bytes (Attributes)
--------------------------------        ----        ----        ------- ----- ------------
.  .ABS.                            00000000    00000000 =           0. bytes (ABS,CON)

      Value  Global                              Global Defined In Module
      -----  --------------------------------   ------------------------
     000000F8  _UEPINT                            Q2_adc
     000000F9  G$CH$0$0                           Q2_adc
     000000F9  G$EP1INT$0$0                       Q2_adc
     000000F9  _CH                                Q2_adc
     000000F9  _EP1INT                            Q2_adc
     000000FA  G$CCAP0H$0$0                       Q2_adc
     000000FA  G$EP2INT$0$0                       Q2_adc
     000000FA  _CCAP0H                            Q2_adc
     000000FA  _EP2INT                            Q2_adc
     000000FB  G$CCAP1H$0$0                       Q2_adc
     000000FB  G$EP3INT$0$0                       Q2_adc
     000000FB  _CCAP1H                            Q2_adc
     000000FB  _EP3INT                            Q2_adc
     000000FC  G$CCAP2H$0$0                       Q2_adc
     000000FC  G$EP4INT$0$0                       Q2_adc
     000000FC  _CCAP2H                            Q2_adc
     000000FC  _EP4INT                            Q2_adc
     000000FD  G$CCAP3H$0$0                       Q2_adc
     000000FD  G$EP5INT$0$0                       Q2_adc
     000000FD  _CCAP3H                            Q2_adc
     000000FD  _EP5INT                            Q2_adc
     000000FE  G$CCAP4H$0$0                       Q2_adc
     000000FE  G$EP6INT$0$0                       Q2_adc
     000000FE  _CCAP4H                            Q2_adc
     000000FE  _EP6INT                            Q2_adc
     00008C8A  G$TMR0$0$0                         Q2_adc
     00008C8A  _TMR0                              Q2_adc
     00008D8B  G$TMR1$0$0                         Q2_adc
     00008D8B  _TMR1                              Q2_adc
     0000BBBA  G$UFNUM$0$0                        Q2_adc
     0000BBBA  _UFNUM                             Q2_adc
     0000CBCA  G$RCAP2$0$0                        Q2_adc
     0000CBCA  _RCAP2                             Q2_adc
     0000CDCC  G$TMR2$0$0                         Q2_adc
     0000CDCC  _TMR2                              Q2_adc
     0000E3E2  G$UBYCTX$0$0                       Q2_adc
     0000E3E2  _UBYCTX                            Q2_adc
     0000F9E9  G$PCA$0$0                          Q2_adc
     0000F9E9  _PCA                               Q2_adc
     0000FAEA  G$CCAP0$0$0                        Q2_adc
     0000FAEA  _CCAP0                             Q2_adc
     0000FBEB  G$CCAP1$0$0                        Q2_adc
     0000FBEB  _CCAP1                             Q2_adc
     0000FCEC  G$CCAP2$0$0                        Q2_adc
     0000FCEC  _CCAP2                             Q2_adc
     0000FDED  G$CCAP3$0$0                        Q2_adc
     0000FDED  _CCAP3                             Q2_adc
     0000FEEE  G$CCAP4$0$0                        Q2_adc
     0000FEEE  _CCAP4                             Q2_adc
ASxxxx Linker V03.00 + NoICE + sdld,  page 11.
Hexadecimal  [32-Bits]

Area                                    Addr        Size        Decimal Bytes (Attributes)
--------------------------------        ----        ----        ------- ----- ------------
BSEG_BYTES                          00000020    00000001 =           1. bytes (REL,CON)

      Value  Global                              Global Defined In Module
      -----  --------------------------------   ------------------------
ASxxxx Linker V03.00 + NoICE + sdld,  page 12.
Hexadecimal  [32-Bits]

Area                                    Addr        Size        Decimal Bytes (Attributes)
--------------------------------        ----        ----        ------- ----- ------------
REG_BANK_0                          00000000    00000008 =           8. bytes (REL,OVR)

      Value  Global                              Global Defined In Module
      -----  --------------------------------   ------------------------
ASxxxx Linker V03.00 + NoICE + sdld,  page 13.
Hexadecimal  [32-Bits]

Area                                    Addr        Size        Decimal Bytes (Attributes)
--------------------------------        ----        ----        ------- ----- ------------
DSEG                                00000000    00000077 =         119. bytes (REL,CON)

      Value  Global                              Global Defined In Module
      -----  --------------------------------   ------------------------
     00000008  G$adcVal$0$0                       Q2_adc
     00000008  _adcVal                            Q2_adc
     0000000A  G$avgVal$0$0                       Q2_adc
     0000000A  _avgVal                            Q2_adc
     0000000C  G$serial_data$0$0                  Q2_adc
     0000000C  _serial_data                       Q2_adc
     0000000D  G$data_save_high$0$0               Q2_adc
     0000000D  _data_save_high                    Q2_adc
     0000000E  G$data_save_low$0$0                Q2_adc
     0000000E  _data_save_low                     Q2_adc
     0000000F  G$i$0$0                            Q2_adc
     0000000F  _i                                 Q2_adc
     00000010  G$voltage$0$0                      Q2_adc
     00000010  _voltage                           Q2_adc
     00000014  LQ2_adc.LCD_StringWrite$length$1   Q2_adc
     00000014  _LCD_StringWrite_PARM_2            Q2_adc

ASxxxx Linker V03.00 + NoICE + sdld,  page 14.
Hexadecimal  [32-Bits]

Area                                    Addr        Size        Decimal Bytes (Attributes)
--------------------------------        ----        ----        ------- ----- ------------
OSEG                                00000015    00000002 =           2. bytes (REL,OVR)

      Value  Global                              Global Defined In Module
      -----  --------------------------------   ------------------------
     00000015  __divsint_PARM_2                   _divuint
     00000015  __divuint_PARM_2                   _divuint
     00000015  __modsint_PARM_2                   _moduint
     00000015  __moduint_PARM_2                   _moduint

ASxxxx Linker V03.00 + NoICE + sdld,  page 15.
Hexadecimal  [32-Bits]

Area                                    Addr        Size        Decimal Bytes (Attributes)
--------------------------------        ----        ----        ------- ----- ------------
SSEG                                00000021    0000005F =          95. bytes (REL,OVR)

      Value  Global                              Global Defined In Module
      -----  --------------------------------   ------------------------
     00000021  __start__stack                     Q2_adc

ASxxxx Linker V03.00 + NoICE + sdld,  page 16.
Hexadecimal  [32-Bits]

Area                                    Addr        Size        Decimal Bytes (Attributes)
--------------------------------        ----        ----        ------- ----- ------------
HOME                                00000000    00000051 =          81. bytes (REL,CON,CODE)

      Value  Global                              Global Defined In Module
      -----  --------------------------------   ------------------------
C:   00000000  A$Q2_adc$736                       Q2_adc
C:   00000003  A$Q2_adc$737                       Q2_adc
C:   0000000B  A$Q2_adc$739                       Q2_adc
C:   00000013  A$Q2_adc$741                       Q2_adc
C:   0000001B  A$Q2_adc$743                       Q2_adc
C:   00000023  A$Q2_adc$745                       Q2_adc
C:   0000002B  A$Q2_adc$747                       Q2_adc
C:   00000033  A$Q2_adc$749                       Q2_adc
C:   0000003B  A$Q2_adc$751                       Q2_adc
C:   00000043  A$Q2_adc$753                       Q2_adc
C:   0000004B  A$Q2_adc$755                       Q2_adc
C:   0000004E  A$Q2_adc$796                       Q2_adc
C:   0000004E  __sdcc_program_startup             Q2_adc

ASxxxx Linker V03.00 + NoICE + sdld,  page 17.
Hexadecimal  [32-Bits]

Area                                    Addr        Size        Decimal Bytes (Attributes)
--------------------------------        ----        ----        ------- ----- ------------
GSINIT0                             00000051    00000003 =           3. bytes (REL,CON,CODE)

      Value  Global                              Global Defined In Module
      -----  --------------------------------   ------------------------
C:   00000051  __sdcc_gsinit_startup              

ASxxxx Linker V03.00 + NoICE + sdld,  page 18.
Hexadecimal  [32-Bits]

Area                                    Addr        Size        Decimal Bytes (Attributes)
--------------------------------        ----        ----        ------- ----- ------------
GSINIT2                             00000054    0000000A =          10. bytes (REL,CON,CODE)

      Value  Global                              Global Defined In Module
      -----  --------------------------------   ------------------------
ASxxxx Linker V03.00 + NoICE + sdld,  page 19.
Hexadecimal  [32-Bits]

Area                                    Addr        Size        Decimal Bytes (Attributes)
--------------------------------        ----        ----        ------- ----- ------------
GSINIT3                             0000005E    00000022 =          34. bytes (REL,CON,CODE)

      Value  Global                              Global Defined In Module
      -----  --------------------------------   ------------------------
C:   0000005E  __mcs51_genXINIT                   

ASxxxx Linker V03.00 + NoICE + sdld,  page 20.
Hexadecimal  [32-Bits]

Area                                    Addr        Size        Decimal Bytes (Attributes)
--------------------------------        ----        ----        ------- ----- ------------
GSINIT4                             00000080    0000002A =          42. bytes (REL,CON,CODE)

      Value  Global                              Global Defined In Module
      -----  --------------------------------   ------------------------
C:   00000080  __mcs51_genRAMCLEAR                
C:   00000086  __mcs51_genXRAMCLEAR               

ASxxxx Linker V03.00 + NoICE + sdld,  page 21.
Hexadecimal  [32-Bits]

Area                                    Addr        Size        Decimal Bytes (Attributes)
--------------------------------        ----        ----        ------- ----- ------------
GSINIT                              000000AA    0000000F =          15. bytes (REL,CON,CODE)

      Value  Global                              Global Defined In Module
      -----  --------------------------------   ------------------------
C:   000000AA  A$Q2_adc$771                       Q2_adc
C:   000000AB  A$Q2_adc$772                       Q2_adc
C:   000000AD  A$Q2_adc$773                       Q2_adc
C:   000000AF  A$Q2_adc$776                       Q2_adc
C:   000000AF  C$Q2_adc.c$26$1$42                 Q2_adc
C:   000000B1  A$Q2_adc$777                       Q2_adc
C:   000000B3  A$Q2_adc$781                       Q2_adc
C:   000000B3  C$Q2_adc.c$30$1$42                 Q2_adc
C:   000000B5  A$Q2_adc$784                       Q2_adc
C:   000000B5  C$Q2_adc.c$23$1$42                 Q2_adc
C:   000000B7  A$Q2_adc$787                       Q2_adc
C:   000000B7  C$Q2_adc.c$24$1$42                 Q2_adc
ASxxxx Linker V03.00 + NoICE + sdld,  page 22.
Hexadecimal  [32-Bits]

Area                                    Addr        Size        Decimal Bytes (Attributes)
--------------------------------        ----        ----        ------- ----- ------------
GSFINAL                             000000B9    00000003 =           3. bytes (REL,CON,CODE)

      Value  Global                              Global Defined In Module
      -----  --------------------------------   ------------------------
C:   000000B9  A$Q2_adc$789                       Q2_adc

ASxxxx Linker V03.00 + NoICE + sdld,  page 23.
Hexadecimal  [32-Bits]

Area                                    Addr        Size        Decimal Bytes (Attributes)
--------------------------------        ----        ----        ------- ----- ------------
CSEG                                000000BC    000006E2 =        1762. bytes (REL,CON,CODE)

      Value  Global                              Global Defined In Module
      -----  --------------------------------   ------------------------
C:   000000BC  A$Q2_adc$822                       Q2_adc
C:   000000BC  C$Q2_adc.c$40$0$0                  Q2_adc
C:   000000BC  C$Q2_adc.c$42$1$20                 Q2_adc
C:   000000BC  G$main$0$0                         Q2_adc
C:   000000BC  _main                              Q2_adc
C:   000000BF  A$Q2_adc$825                       Q2_adc
C:   000000BF  C$Q2_adc.c$43$1$20                 Q2_adc
C:   000000C2  A$Q2_adc$828                       Q2_adc
C:   000000C2  C$Q2_adc.c$44$1$20                 Q2_adc
C:   000000C5  A$Q2_adc$831                       Q2_adc
C:   000000C5  C$Q2_adc.c$46$1$20                 Q2_adc
C:   000000C8  A$Q2_adc$834                       Q2_adc
C:   000000C8  C$Q2_adc.c$47$1$20                 Q2_adc
C:   000000CB  A$Q2_adc$837                       Q2_adc
C:   000000CB  C$Q2_adc.c$48$1$20                 Q2_adc
C:   000000CE  A$Q2_adc$840                       Q2_adc
C:   000000CE  C$Q2_adc.c$49$1$20                 Q2_adc
C:   000000D1  A$Q2_adc$841                       Q2_adc
C:   000000D4  A$Q2_adc$842                       Q2_adc
C:   000000D7  A$Q2_adc$843                       Q2_adc
C:   000000DA  A$Q2_adc$847                       Q2_adc
C:   000000DA  C$Q2_adc.c$53$2$21                 Q2_adc
C:   000000DD  A$Q2_adc$850                       Q2_adc
C:   000000E0  A$Q2_adc$851                       Q2_adc
C:   000000E2  A$Q2_adc$855                       Q2_adc
C:   000000E2  C$Q2_adc.c$59$4$23                 Q2_adc
C:   000000E4  A$Q2_adc$858                       Q2_adc
C:   000000E4  C$Q2_adc.c$60$4$23                 Q2_adc
C:   000000E7  A$Q2_adc$864                       Q2_adc
C:   000000E7  C$Q2_adc.c$61$4$23                 Q2_adc
C:   000000E7  C$Q2_adc.c$62$4$23                 Q2_adc
C:   000000EA  A$Q2_adc$865                       Q2_adc
C:   000000EC  A$Q2_adc$869                       Q2_adc
C:   000000EC  C$Q2_adc.c$63$4$23                 Q2_adc
C:   000000EF  A$Q2_adc$873                       Q2_adc
C:   000000EF  C$Q2_adc.c$64$4$23                 Q2_adc
C:   000000F2  A$Q2_adc$876                       Q2_adc
C:   000000F2  C$Q2_adc.c$65$4$23                 Q2_adc
C:   000000F4  A$Q2_adc$877                       Q2_adc
C:   000000F6  A$Q2_adc$878                       Q2_adc
C:   000000F8  A$Q2_adc$881                       Q2_adc
C:   000000F8  C$Q2_adc.c$66$4$23                 Q2_adc
C:   000000FA  A$Q2_adc$884                       Q2_adc
C:   000000FA  C$Q2_adc.c$68$4$23                 Q2_adc
C:   000000FD  A$Q2_adc$888                       Q2_adc
C:   000000FD  C$Q2_adc.c$69$4$23                 Q2_adc
C:   00000100  A$Q2_adc$891                       Q2_adc
C:   00000100  C$Q2_adc.c$70$4$23                 Q2_adc
C:   00000103  A$Q2_adc$894                       Q2_adc
C:   00000103  C$Q2_adc.c$71$4$23                 Q2_adc
ASxxxx Linker V03.00 + NoICE + sdld,  page 24.
Hexadecimal  [32-Bits]

Area                                    Addr        Size        Decimal Bytes (Attributes)
--------------------------------        ----        ----        ------- ----- ------------
CSEG                                000000BC    000006E2 =        1762. bytes (REL,CON,CODE)

      Value  Global                              Global Defined In Module
      -----  --------------------------------   ------------------------
C:   00000105  A$Q2_adc$897                       Q2_adc
C:   00000105  C$Q2_adc.c$72$4$23                 Q2_adc
C:   00000107  A$Q2_adc$900                       Q2_adc
C:   00000107  C$Q2_adc.c$74$4$23                 Q2_adc
C:   00000109  A$Q2_adc$901                       Q2_adc
C:   0000010B  A$Q2_adc$902                       Q2_adc
C:   0000010D  A$Q2_adc$903                       Q2_adc
C:   0000010F  A$Q2_adc$904                       Q2_adc
C:   00000110  A$Q2_adc$905                       Q2_adc
C:   00000111  A$Q2_adc$906                       Q2_adc
C:   00000113  A$Q2_adc$907                       Q2_adc
C:   00000114  A$Q2_adc$908                       Q2_adc
C:   00000115  A$Q2_adc$909                       Q2_adc
C:   00000117  A$Q2_adc$912                       Q2_adc
C:   00000117  C$Q2_adc.c$75$4$23                 Q2_adc
C:   00000119  A$Q2_adc$913                       Q2_adc
C:   0000011B  A$Q2_adc$914                       Q2_adc
C:   0000011D  A$Q2_adc$915                       Q2_adc
C:   0000011F  A$Q2_adc$916                       Q2_adc
C:   00000121  A$Q2_adc$917                       Q2_adc
C:   00000123  A$Q2_adc$920                       Q2_adc
C:   00000123  C$Q2_adc.c$57$3$22                 Q2_adc
C:   00000125  A$Q2_adc$921                       Q2_adc
C:   00000127  A$Q2_adc$922                       Q2_adc
C:   00000129  A$Q2_adc$923                       Q2_adc
C:   0000012B  A$Q2_adc$926                       Q2_adc
C:   0000012B  C$Q2_adc.c$78$1$20                 Q2_adc
C:   0000012E  A$Q2_adc$927                       Q2_adc
C:   00000131  A$Q2_adc$928                       Q2_adc
C:   00000134  A$Q2_adc$929                       Q2_adc
C:   00000136  A$Q2_adc$930                       Q2_adc
C:   00000138  A$Q2_adc$931                       Q2_adc
C:   0000013A  A$Q2_adc$932                       Q2_adc
C:   0000013B  A$Q2_adc$933                       Q2_adc
C:   0000013C  A$Q2_adc$934                       Q2_adc
C:   0000013E  A$Q2_adc$935                       Q2_adc
C:   00000140  A$Q2_adc$936                       Q2_adc
C:   00000142  A$Q2_adc$937                       Q2_adc
C:   00000144  A$Q2_adc$938                       Q2_adc
C:   00000146  A$Q2_adc$939                       Q2_adc
C:   00000148  A$Q2_adc$940                       Q2_adc
C:   0000014A  A$Q2_adc$941                       Q2_adc
C:   0000014C  A$Q2_adc$942                       Q2_adc
C:   0000014E  A$Q2_adc$943                       Q2_adc
C:   0000014F  A$Q2_adc$944                       Q2_adc
C:   00000152  A$Q2_adc$945                       Q2_adc
C:   00000154  A$Q2_adc$946                       Q2_adc
C:   00000156  A$Q2_adc$947                       Q2_adc
C:   00000158  A$Q2_adc$948                       Q2_adc
C:   00000159  A$Q2_adc$949                       Q2_adc
C:   0000015B  A$Q2_adc$950                       Q2_adc
ASxxxx Linker V03.00 + NoICE + sdld,  page 25.
Hexadecimal  [32-Bits]

Area                                    Addr        Size        Decimal Bytes (Attributes)
--------------------------------        ----        ----        ------- ----- ------------
CSEG                                000000BC    000006E2 =        1762. bytes (REL,CON,CODE)

      Value  Global                              Global Defined In Module
      -----  --------------------------------   ------------------------
C:   0000015D  A$Q2_adc$951                       Q2_adc
C:   0000015F  A$Q2_adc$952                       Q2_adc
C:   00000161  A$Q2_adc$953                       Q2_adc
C:   00000163  A$Q2_adc$954                       Q2_adc
C:   00000165  A$Q2_adc$955                       Q2_adc
C:   00000166  A$Q2_adc$956                       Q2_adc
C:   00000169  A$Q2_adc$959                       Q2_adc
C:   00000169  C$Q2_adc.c$79$1$20                 Q2_adc
C:   0000016C  A$Q2_adc$960                       Q2_adc
C:   0000016F  A$Q2_adc$961                       Q2_adc
C:   00000172  A$Q2_adc$962                       Q2_adc
C:   00000175  A$Q2_adc$963                       Q2_adc
C:   00000177  A$Q2_adc$964                       Q2_adc
C:   00000179  A$Q2_adc$965                       Q2_adc
C:   0000017B  A$Q2_adc$966                       Q2_adc
C:   0000017C  A$Q2_adc$967                       Q2_adc
C:   0000017E  A$Q2_adc$968                       Q2_adc
C:   00000180  A$Q2_adc$969                       Q2_adc
C:   00000182  A$Q2_adc$970                       Q2_adc
C:   00000184  A$Q2_adc$971                       Q2_adc
C:   00000187  A$Q2_adc$972                       Q2_adc
C:   0000018A  A$Q2_adc$973                       Q2_adc
C:   0000018C  A$Q2_adc$974                       Q2_adc
C:   0000018F  A$Q2_adc$975                       Q2_adc
C:   00000191  A$Q2_adc$976                       Q2_adc
C:   00000193  A$Q2_adc$977                       Q2_adc
C:   00000195  A$Q2_adc$978                       Q2_adc
C:   00000196  A$Q2_adc$979                       Q2_adc
C:   00000198  A$Q2_adc$980                       Q2_adc
C:   0000019A  A$Q2_adc$981                       Q2_adc
C:   0000019C  A$Q2_adc$982                       Q2_adc
C:   0000019E  A$Q2_adc$983                       Q2_adc
C:   000001A0  A$Q2_adc$984                       Q2_adc
C:   000001A2  A$Q2_adc$985                       Q2_adc
C:   000001A3  A$Q2_adc$986                       Q2_adc
C:   000001A6  A$Q2_adc$987                       Q2_adc
C:   000001A9  A$Q2_adc$988                       Q2_adc
C:   000001AC  A$Q2_adc$991                       Q2_adc
C:   000001AC  C$Q2_adc.c$80$3$22                 Q2_adc
C:   000001AF  A$Q2_adc$992                       Q2_adc
C:   000001B2  A$Q2_adc$995                       Q2_adc
C:   000001B2  C$Q2_adc.c$81$3$22                 Q2_adc
C:   000001B5  A$Q2_adc$996                       Q2_adc
C:   000001B8  A$Q2_adc$997                       Q2_adc
C:   000001BB  A$Q2_adc$998                       Q2_adc
C:   000001BE  A$Q2_adc$999                       Q2_adc
C:   000001C1  A$Q2_adc$1000                      Q2_adc
C:   000001C3  A$Q2_adc$1001                      Q2_adc
C:   000001C5  A$Q2_adc$1002                      Q2_adc
C:   000001C6  A$Q2_adc$1003                      Q2_adc
C:   000001C8  A$Q2_adc$1006                      Q2_adc
ASxxxx Linker V03.00 + NoICE + sdld,  page 26.
Hexadecimal  [32-Bits]

Area                                    Addr        Size        Decimal Bytes (Attributes)
--------------------------------        ----        ----        ------- ----- ------------
CSEG                                000000BC    000006E2 =        1762. bytes (REL,CON,CODE)

      Value  Global                              Global Defined In Module
      -----  --------------------------------   ------------------------
C:   000001C8  C$Q2_adc.c$82$1$20                 Q2_adc
C:   000001CB  A$Q2_adc$1007                      Q2_adc
C:   000001CE  A$Q2_adc$1008                      Q2_adc
C:   000001D1  A$Q2_adc$1009                      Q2_adc
C:   000001D4  A$Q2_adc$1010                      Q2_adc
C:   000001D7  A$Q2_adc$1013                      Q2_adc
C:   000001D7  C$Q2_adc.c$83$3$22                 Q2_adc
C:   000001DA  A$Q2_adc$1014                      Q2_adc
C:   000001DD  A$Q2_adc$1015                      Q2_adc
C:   000001E0  A$Q2_adc$1016                      Q2_adc
C:   000001E3  A$Q2_adc$1017                      Q2_adc
C:   000001E6  A$Q2_adc$1018                      Q2_adc
C:   000001E8  A$Q2_adc$1019                      Q2_adc
C:   000001EA  A$Q2_adc$1020                      Q2_adc
C:   000001EB  A$Q2_adc$1021                      Q2_adc
C:   000001ED  A$Q2_adc$1024                      Q2_adc
C:   000001ED  C$Q2_adc.c$84$1$20                 Q2_adc
C:   000001F0  A$Q2_adc$1025                      Q2_adc
C:   000001F3  A$Q2_adc$1026                      Q2_adc
C:   000001F6  A$Q2_adc$1027                      Q2_adc
C:   000001F9  A$Q2_adc$1028                      Q2_adc
C:   000001FC  A$Q2_adc$1031                      Q2_adc
C:   000001FC  C$Q2_adc.c$85$3$22                 Q2_adc
C:   000001FF  A$Q2_adc$1032                      Q2_adc
C:   00000202  A$Q2_adc$1033                      Q2_adc
C:   00000205  A$Q2_adc$1034                      Q2_adc
C:   00000208  A$Q2_adc$1035                      Q2_adc
C:   0000020B  A$Q2_adc$1036                      Q2_adc
C:   0000020D  A$Q2_adc$1037                      Q2_adc
C:   0000020F  A$Q2_adc$1038                      Q2_adc
C:   00000210  A$Q2_adc$1039                      Q2_adc
C:   00000212  A$Q2_adc$1042                      Q2_adc
C:   00000212  C$Q2_adc.c$86$1$20                 Q2_adc
C:   00000215  A$Q2_adc$1043                      Q2_adc
C:   00000218  A$Q2_adc$1044                      Q2_adc
C:   0000021B  A$Q2_adc$1045                      Q2_adc
C:   0000021E  A$Q2_adc$1046                      Q2_adc
C:   00000221  A$Q2_adc$1049                      Q2_adc
C:   00000221  C$Q2_adc.c$87$1$20                 Q2_adc
C:   00000224  A$Q2_adc$1050                      Q2_adc
C:   00000227  A$Q2_adc$1051                      Q2_adc
C:   0000022A  A$Q2_adc$1052                      Q2_adc
C:   0000022D  A$Q2_adc$1053                      Q2_adc
C:   00000230  A$Q2_adc$1054                      Q2_adc
C:   00000232  A$Q2_adc$1055                      Q2_adc
C:   00000234  A$Q2_adc$1056                      Q2_adc
C:   00000235  A$Q2_adc$1057                      Q2_adc
C:   00000237  A$Q2_adc$1060                      Q2_adc
C:   00000237  C$Q2_adc.c$88$3$22                 Q2_adc
C:   0000023A  A$Q2_adc$1061                      Q2_adc
C:   0000023D  A$Q2_adc$1062                      Q2_adc
ASxxxx Linker V03.00 + NoICE + sdld,  page 27.
Hexadecimal  [32-Bits]

Area                                    Addr        Size        Decimal Bytes (Attributes)
--------------------------------        ----        ----        ------- ----- ------------
CSEG                                000000BC    000006E2 =        1762. bytes (REL,CON,CODE)

      Value  Global                              Global Defined In Module
      -----  --------------------------------   ------------------------
C:   00000240  A$Q2_adc$1063                      Q2_adc
C:   00000243  A$Q2_adc$1064                      Q2_adc
C:   00000246  A$Q2_adc$1067                      Q2_adc
C:   00000246  C$Q2_adc.c$92$1$20                 Q2_adc
C:   00000246  XG$main$0$0                        Q2_adc
C:   00000247  A$Q2_adc$1078                      Q2_adc
C:   00000247  C$Q2_adc.c$99$1$20                 Q2_adc
C:   00000247  G$it_SPI$0$0                       Q2_adc
C:   00000247  _it_SPI                            Q2_adc
C:   00000249  A$Q2_adc$1079                      Q2_adc
C:   0000024B  A$Q2_adc$1080                      Q2_adc
C:   0000024E  A$Q2_adc$1083                      Q2_adc
C:   0000024E  C$Q2_adc.c$101$1$25                Q2_adc
C:   00000250  A$Q2_adc$1084                      Q2_adc
C:   00000253  A$Q2_adc$1085                      Q2_adc
C:   00000255  A$Q2_adc$1087                      Q2_adc
C:   00000258  A$Q2_adc$1088                      Q2_adc
C:   0000025A  A$Q2_adc$1090                      Q2_adc
C:   0000025D  A$Q2_adc$1093                      Q2_adc
C:   0000025D  C$Q2_adc.c$104$2$26                Q2_adc
C:   00000260  A$Q2_adc$1096                      Q2_adc
C:   00000260  C$Q2_adc.c$105$2$26                Q2_adc
C:   00000262  A$Q2_adc$1100                      Q2_adc
C:   00000262  C$Q2_adc.c$115$1$25                Q2_adc
C:   00000264  A$Q2_adc$1101                      Q2_adc
C:   00000266  A$Q2_adc$1104                      Q2_adc
C:   00000266  C$Q2_adc.c$116$1$25                Q2_adc
C:   00000266  XG$it_SPI$0$0                      Q2_adc
C:   00000267  A$Q2_adc$1121                      Q2_adc
C:   00000267  C$Q2_adc.c$118$1$25                Q2_adc
C:   00000267  C$Q2_adc.c$120$1$28                Q2_adc
C:   00000267  G$timer0_ISR$0$0                   Q2_adc
C:   00000267  _timer0_ISR                        Q2_adc
C:   0000026A  A$Q2_adc$1124                      Q2_adc
C:   0000026A  C$Q2_adc.c$121$1$28                Q2_adc
C:   0000026D  A$Q2_adc$1127                      Q2_adc
C:   0000026D  C$Q2_adc.c$122$1$28                Q2_adc
C:   0000026F  A$Q2_adc$1130                      Q2_adc
C:   0000026F  C$Q2_adc.c$123$1$28                Q2_adc
C:   0000026F  XG$timer0_ISR$0$0                  Q2_adc
C:   00000270  A$Q2_adc$1149                      Q2_adc
C:   00000270  C$Q2_adc.c$132$1$28                Q2_adc
C:   00000270  C$Q2_adc.c$134$1$29                Q2_adc
C:   00000270  G$SPI_Init$0$0                     Q2_adc
C:   00000270  _SPI_Init                          Q2_adc
C:   00000272  A$Q2_adc$1152                      Q2_adc
C:   00000272  C$Q2_adc.c$135$1$29                Q2_adc
C:   00000275  A$Q2_adc$1155                      Q2_adc
C:   00000275  C$Q2_adc.c$136$1$29                Q2_adc
C:   00000278  A$Q2_adc$1158                      Q2_adc
C:   00000278  C$Q2_adc.c$137$1$29                Q2_adc
ASxxxx Linker V03.00 + NoICE + sdld,  page 28.
Hexadecimal  [32-Bits]

Area                                    Addr        Size        Decimal Bytes (Attributes)
--------------------------------        ----        ----        ------- ----- ------------
CSEG                                000000BC    000006E2 =        1762. bytes (REL,CON,CODE)

      Value  Global                              Global Defined In Module
      -----  --------------------------------   ------------------------
C:   0000027B  A$Q2_adc$1161                      Q2_adc
C:   0000027B  C$Q2_adc.c$138$1$29                Q2_adc
C:   0000027D  A$Q2_adc$1162                      Q2_adc
C:   0000027F  A$Q2_adc$1163                      Q2_adc
C:   00000280  A$Q2_adc$1164                      Q2_adc
C:   00000282  A$Q2_adc$1167                      Q2_adc
C:   00000282  C$Q2_adc.c$139$1$29                Q2_adc
C:   00000285  A$Q2_adc$1170                      Q2_adc
C:   00000285  C$Q2_adc.c$140$1$29                Q2_adc
C:   00000288  A$Q2_adc$1173                      Q2_adc
C:   00000288  C$Q2_adc.c$141$1$29                Q2_adc
C:   0000028B  A$Q2_adc$1176                      Q2_adc
C:   0000028B  C$Q2_adc.c$142$1$29                Q2_adc
C:   0000028D  A$Q2_adc$1179                      Q2_adc
C:   0000028D  C$Q2_adc.c$143$1$29                Q2_adc
C:   0000028D  XG$SPI_Init$0$0                    Q2_adc
C:   0000028E  A$Q2_adc$1192                      Q2_adc
C:   0000028E  C$Q2_adc.c$150$1$29                Q2_adc
C:   0000028E  C$Q2_adc.c$157$1$30                Q2_adc
C:   0000028E  G$Timer_Init$0$0                   Q2_adc
C:   0000028E  _Timer_Init                        Q2_adc
C:   00000291  A$Q2_adc$1195                      Q2_adc
C:   00000291  C$Q2_adc.c$158$1$30                Q2_adc
C:   00000294  A$Q2_adc$1198                      Q2_adc
C:   00000294  C$Q2_adc.c$159$1$30                Q2_adc
C:   00000296  A$Q2_adc$1199                      Q2_adc
C:   00000298  A$Q2_adc$1200                      Q2_adc
C:   0000029A  A$Q2_adc$1201                      Q2_adc
C:   0000029C  A$Q2_adc$1204                      Q2_adc
C:   0000029C  C$Q2_adc.c$160$1$30                Q2_adc
C:   0000029E  A$Q2_adc$1207                      Q2_adc
C:   0000029E  C$Q2_adc.c$161$1$30                Q2_adc
C:   000002A0  A$Q2_adc$1210                      Q2_adc
C:   000002A0  C$Q2_adc.c$162$1$30                Q2_adc
C:   000002A0  XG$Timer_Init$0$0                  Q2_adc
C:   000002A1  A$Q2_adc$1223                      Q2_adc
C:   000002A1  C$Q2_adc.c$168$1$30                Q2_adc
C:   000002A1  C$Q2_adc.c$170$1$31                Q2_adc
C:   000002A1  G$LCD_Init$0$0                     Q2_adc
C:   000002A1  _LCD_Init                          Q2_adc
C:   000002A4  A$Q2_adc$1224                      Q2_adc
C:   000002A7  A$Q2_adc$1227                      Q2_adc
C:   000002A7  C$Q2_adc.c$171$1$31                Q2_adc
C:   000002AA  A$Q2_adc$1228                      Q2_adc
C:   000002AD  A$Q2_adc$1231                      Q2_adc
C:   000002AD  C$Q2_adc.c$172$1$31                Q2_adc
C:   000002B0  A$Q2_adc$1232                      Q2_adc
C:   000002B3  A$Q2_adc$1235                      Q2_adc
C:   000002B3  C$Q2_adc.c$173$1$31                Q2_adc
C:   000002B6  A$Q2_adc$1236                      Q2_adc
C:   000002B9  A$Q2_adc$1239                      Q2_adc
ASxxxx Linker V03.00 + NoICE + sdld,  page 29.
Hexadecimal  [32-Bits]

Area                                    Addr        Size        Decimal Bytes (Attributes)
--------------------------------        ----        ----        ------- ----- ------------
CSEG                                000000BC    000006E2 =        1762. bytes (REL,CON,CODE)

      Value  Global                              Global Defined In Module
      -----  --------------------------------   ------------------------
C:   000002B9  C$Q2_adc.c$174$1$31                Q2_adc
C:   000002BC  A$Q2_adc$1240                      Q2_adc
C:   000002BF  A$Q2_adc$1243                      Q2_adc
C:   000002BF  C$Q2_adc.c$175$1$31                Q2_adc
C:   000002BF  XG$LCD_Init$0$0                    Q2_adc
C:   000002C0  A$Q2_adc$1256                      Q2_adc
C:   000002C0  C$Q2_adc.c$182$1$31                Q2_adc
C:   000002C0  G$LCD_CmdWrite$0$0                 Q2_adc
C:   000002C0  _LCD_CmdWrite                      Q2_adc
C:   000002C2  A$Q2_adc$1259                      Q2_adc
C:   000002C2  C$Q2_adc.c$184$1$33                Q2_adc
C:   000002C4  A$Q2_adc$1260                      Q2_adc
C:   000002C7  A$Q2_adc$1261                      Q2_adc
C:   000002C9  A$Q2_adc$1264                      Q2_adc
C:   000002C9  C$Q2_adc.c$185$1$33                Q2_adc
C:   000002CB  A$Q2_adc$1267                      Q2_adc
C:   000002CB  C$Q2_adc.c$186$1$33                Q2_adc
C:   000002CD  A$Q2_adc$1270                      Q2_adc
C:   000002CD  C$Q2_adc.c$187$1$33                Q2_adc
C:   000002CF  A$Q2_adc$1273                      Q2_adc
C:   000002CF  C$Q2_adc.c$188$1$33                Q2_adc
C:   000002D1  A$Q2_adc$1276                      Q2_adc
C:   000002D1  C$Q2_adc.c$189$1$33                Q2_adc
C:   000002D4  A$Q2_adc$1277                      Q2_adc
C:   000002D7  A$Q2_adc$1280                      Q2_adc
C:   000002D7  C$Q2_adc.c$190$1$33                Q2_adc
C:   000002D9  A$Q2_adc$1283                      Q2_adc
C:   000002D9  C$Q2_adc.c$191$1$33                Q2_adc
C:   000002DC  A$Q2_adc$1284                      Q2_adc
C:   000002DF  A$Q2_adc$1287                      Q2_adc
C:   000002DF  C$Q2_adc.c$192$1$33                Q2_adc
C:   000002DF  XG$LCD_CmdWrite$0$0                Q2_adc
C:   000002E0  A$Q2_adc$1300                      Q2_adc
C:   000002E0  C$Q2_adc.c$199$1$33                Q2_adc
C:   000002E0  G$LCD_DataWrite$0$0                Q2_adc
C:   000002E0  _LCD_DataWrite                     Q2_adc
C:   000002E3  A$Q2_adc$1303                      Q2_adc
C:   000002E3  C$Q2_adc.c$202$1$35                Q2_adc
C:   000002E5  A$Q2_adc$1306                      Q2_adc
C:   000002E5  C$Q2_adc.c$203$1$35                Q2_adc
C:   000002E7  A$Q2_adc$1309                      Q2_adc
C:   000002E7  C$Q2_adc.c$204$1$35                Q2_adc
C:   000002E9  A$Q2_adc$1312                      Q2_adc
C:   000002E9  C$Q2_adc.c$205$1$35                Q2_adc
C:   000002EC  A$Q2_adc$1313                      Q2_adc
C:   000002EF  A$Q2_adc$1316                      Q2_adc
C:   000002EF  C$Q2_adc.c$206$1$35                Q2_adc
C:   000002F1  A$Q2_adc$1319                      Q2_adc
C:   000002F1  C$Q2_adc.c$207$1$35                Q2_adc
C:   000002F4  A$Q2_adc$1320                      Q2_adc
C:   000002F7  A$Q2_adc$1323                      Q2_adc
ASxxxx Linker V03.00 + NoICE + sdld,  page 30.
Hexadecimal  [32-Bits]

Area                                    Addr        Size        Decimal Bytes (Attributes)
--------------------------------        ----        ----        ------- ----- ------------
CSEG                                000000BC    000006E2 =        1762. bytes (REL,CON,CODE)

      Value  Global                              Global Defined In Module
      -----  --------------------------------   ------------------------
C:   000002F7  C$Q2_adc.c$208$1$35                Q2_adc
C:   000002F7  XG$LCD_DataWrite$0$0               Q2_adc
C:   000002F8  A$Q2_adc$1337                      Q2_adc
C:   000002F8  C$Q2_adc.c$214$1$35                Q2_adc
C:   000002F8  G$LCD_StringWrite$0$0              Q2_adc
C:   000002F8  _LCD_StringWrite                   Q2_adc
C:   000002FA  A$Q2_adc$1338                      Q2_adc
C:   000002FC  A$Q2_adc$1339                      Q2_adc
C:   000002FE  A$Q2_adc$1343                      Q2_adc
C:   000002FE  C$Q2_adc.c$216$1$37                Q2_adc
C:   00000300  A$Q2_adc$1344                      Q2_adc
C:   00000302  A$Q2_adc$1347                      Q2_adc
C:   00000302  C$Q2_adc.c$218$2$38                Q2_adc
C:   00000304  A$Q2_adc$1348                      Q2_adc
C:   00000306  A$Q2_adc$1349                      Q2_adc
C:   00000308  A$Q2_adc$1350                      Q2_adc
C:   0000030B  A$Q2_adc$1351                      Q2_adc
C:   0000030C  A$Q2_adc$1352                      Q2_adc
C:   0000030D  A$Q2_adc$1353                      Q2_adc
C:   0000030F  A$Q2_adc$1354                      Q2_adc
C:   00000311  A$Q2_adc$1355                      Q2_adc
C:   00000313  A$Q2_adc$1356                      Q2_adc
C:   00000315  A$Q2_adc$1357                      Q2_adc
C:   00000317  A$Q2_adc$1358                      Q2_adc
C:   00000319  A$Q2_adc$1359                      Q2_adc
C:   0000031C  A$Q2_adc$1360                      Q2_adc
C:   0000031E  A$Q2_adc$1361                      Q2_adc
C:   00000320  A$Q2_adc$1362                      Q2_adc
C:   00000322  A$Q2_adc$1367                      Q2_adc
C:   00000322  C$Q2_adc.c$219$2$38                Q2_adc
C:   00000322  C$Q2_adc.c$220$2$38                Q2_adc
C:   00000324  A$Q2_adc$1368                      Q2_adc
C:   00000326  A$Q2_adc$1372                      Q2_adc
C:   00000326  C$Q2_adc.c$222$1$37                Q2_adc
C:   00000326  XG$LCD_StringWrite$0$0             Q2_adc
C:   00000327  A$Q2_adc$1385                      Q2_adc
C:   00000327  C$Q2_adc.c$229$1$37                Q2_adc
C:   00000327  C$Q2_adc.c$231$1$39                Q2_adc
C:   00000327  G$LCD_Ready$0$0                    Q2_adc
C:   00000327  _LCD_Ready                         Q2_adc
C:   0000032A  A$Q2_adc$1388                      Q2_adc
C:   0000032A  C$Q2_adc.c$232$1$39                Q2_adc
C:   0000032C  A$Q2_adc$1391                      Q2_adc
C:   0000032C  C$Q2_adc.c$233$1$39                Q2_adc
C:   0000032E  A$Q2_adc$1394                      Q2_adc
C:   0000032E  C$Q2_adc.c$234$1$39                Q2_adc
C:   00000330  A$Q2_adc$1397                      Q2_adc
C:   00000330  C$Q2_adc.c$235$1$39                Q2_adc
C:   00000333  A$Q2_adc$1398                      Q2_adc
C:   00000336  A$Q2_adc$1401                      Q2_adc
C:   00000336  C$Q2_adc.c$236$1$39                Q2_adc
ASxxxx Linker V03.00 + NoICE + sdld,  page 31.
Hexadecimal  [32-Bits]

Area                                    Addr        Size        Decimal Bytes (Attributes)
--------------------------------        ----        ----        ------- ----- ------------
CSEG                                000000BC    000006E2 =        1762. bytes (REL,CON,CODE)

      Value  Global                              Global Defined In Module
      -----  --------------------------------   ------------------------
C:   00000338  A$Q2_adc$1405                      Q2_adc
C:   00000338  C$Q2_adc.c$237$1$39                Q2_adc
C:   0000033B  A$Q2_adc$1408                      Q2_adc
C:   0000033B  C$Q2_adc.c$239$2$40                Q2_adc
C:   0000033D  A$Q2_adc$1411                      Q2_adc
C:   0000033D  C$Q2_adc.c$240$2$40                Q2_adc
C:   0000033F  A$Q2_adc$1412                      Q2_adc
C:   00000341  A$Q2_adc$1416                      Q2_adc
C:   00000341  C$Q2_adc.c$242$1$39                Q2_adc
C:   00000343  A$Q2_adc$1419                      Q2_adc
C:   00000343  C$Q2_adc.c$243$1$39                Q2_adc
C:   00000343  XG$LCD_Ready$0$0                   Q2_adc
C:   00000344  A$Q2_adc$1433                      Q2_adc
C:   00000344  C$Q2_adc.c$250$1$39                Q2_adc
C:   00000344  G$sdelay$0$0                       Q2_adc
C:   00000344  _sdelay                            Q2_adc
C:   00000346  A$Q2_adc$1434                      Q2_adc
C:   00000348  A$Q2_adc$1438                      Q2_adc
C:   00000348  C$Q2_adc.c$253$1$42                Q2_adc
C:   00000349  A$Q2_adc$1439                      Q2_adc
C:   0000034A  A$Q2_adc$1440                      Q2_adc
C:   0000034B  A$Q2_adc$1441                      Q2_adc
C:   0000034D  A$Q2_adc$1442                      Q2_adc
C:   0000034F  A$Q2_adc$1443                      Q2_adc
C:   00000352  A$Q2_adc$1444                      Q2_adc
C:   00000354  A$Q2_adc$1445                      Q2_adc
C:   00000356  A$Q2_adc$1448                      Q2_adc
C:   00000356  C$Q2_adc.c$255$2$43                Q2_adc
C:   00000358  A$Q2_adc$1450                      Q2_adc
C:   00000359  A$Q2_adc$1451                      Q2_adc
C:   0000035A  A$Q2_adc$1452                      Q2_adc
C:   0000035B  A$Q2_adc$1453                      Q2_adc
C:   0000035C  A$Q2_adc$1454                      Q2_adc
C:   0000035E  A$Q2_adc$1457                      Q2_adc
C:   0000035E  C$Q2_adc.c$256$2$43                Q2_adc
C:   0000035F  A$Q2_adc$1458                      Q2_adc
C:   00000362  A$Q2_adc$1459                      Q2_adc
C:   00000363  A$Q2_adc$1461                      Q2_adc
C:   00000365  A$Q2_adc$1465                      Q2_adc
C:   00000365  C$Q2_adc.c$258$1$42                Q2_adc
C:   00000365  XG$sdelay$0$0                      Q2_adc
C:   00000366  ___fsmul                           _fsmul
C:   00000409  fsgetargs                          _fsget2args
C:   00000437  fs_normalize_a                     _fsnormalize
C:   0000046A  __moduint                          _moduint
C:   000004B7  __divuint                          _divuint
C:   000004E0  ___sint2fs                         _sint2fs
C:   000004ED  ___fs2sint                         _fs2sint
C:   00000521  fs_round_and_return                _fsreturnval
C:   00000539  fs_zerocheck_return                _fsreturnval
C:   00000542  fs_return_zero                     _fsreturnval
ASxxxx Linker V03.00 + NoICE + sdld,  page 32.
Hexadecimal  [32-Bits]

Area                                    Addr        Size        Decimal Bytes (Attributes)
--------------------------------        ----        ----        ------- ----- ------------
CSEG                                000000BC    000006E2 =        1762. bytes (REL,CON,CODE)

      Value  Global                              Global Defined In Module
      -----  --------------------------------   ------------------------
C:   0000054A  fs_direct_return                   _fsreturnval
C:   00000558  fs_return_inf                      _fsreturnval
C:   00000565  fs_return_nan                      _fsreturnval
C:   00000570  ___fsdiv                           _fsdiv
C:   00000633  __gptrget                          _gptrget
C:   0000064F  __modsint                          _modsint
C:   00000685  ___slong2fs                        _slong2fs
C:   0000068E  slong2fs_doit                      _slong2fs
C:   000006B2  __divsint                          _divsint
C:   000006EA  ___fs2slong                        _fs2slong
C:   00000745  __sdcc_external_startup            _startup
C:   00000749  fsgetarg                           _fsget1arg
C:   0000075B  fs_rshift_a                        _fsrshift
ASxxxx Linker V03.00 + NoICE + sdld,  page 33.
Hexadecimal  [32-Bits]

Area                                    Addr        Size        Decimal Bytes (Attributes)
--------------------------------        ----        ----        ------- ----- ------------
CONST                               0000079E    00000010 =          16. bytes (REL,CON,CODE)

      Value  Global                              Global Defined In Module
      -----  --------------------------------   ------------------------
C:   0000079E  FQ2_adc$__str_0$0$0                Q2_adc

ASxxxx Linker V03.00 + NoICE + sdld,  page 34.

Files Linked                              [ module(s) ]

Q2_adc.rel                                [  ]


Libraries Linked                          [ object file ]

/usr/bin/../share/sdcc/lib/small/libfloat.lib
                                          [ _fsmul.rel ]
/usr/bin/../share/sdcc/lib/small/libfloat.lib
                                          [ _fsget2args.rel ]
/usr/bin/../share/sdcc/lib/small/mcs51.lib
                                          [ crtclear.rel ]
/usr/bin/../share/sdcc/lib/small/libfloat.lib
                                          [ _fsnormalize.rel ]
/usr/bin/../share/sdcc/lib/small/mcs51.lib
                                          [ crtxinit.rel ]
/usr/bin/../share/sdcc/lib/small/libint.lib
                                          [ _moduint.rel ]
/usr/bin/../share/sdcc/lib/small/mcs51.lib
                                          [ crtxclear.rel ]
/usr/bin/../share/sdcc/lib/small/libint.lib
                                          [ _divuint.rel ]
/usr/bin/../share/sdcc/lib/small/libfloat.lib
                                          [ _sint2fs.rel ]
/usr/bin/../share/sdcc/lib/small/libfloat.lib
                                          [ _fs2sint.rel ]
/usr/bin/../share/sdcc/lib/small/libfloat.lib
                                          [ _fsreturnval.rel ]
/usr/bin/../share/sdcc/lib/small/mcs51.lib
                                          [ crtpagesfr.rel ]
/usr/bin/../share/sdcc/lib/small/libfloat.lib
                                          [ _fsdiv.rel ]
/usr/bin/../share/sdcc/lib/small/mcs51.lib
                                          [ crtstart.rel ]
/usr/bin/../share/sdcc/lib/small/libsdcc.lib
                                          [ _gptrget.rel ]
/usr/bin/../share/sdcc/lib/small/libint.lib
                                          [ _modsint.rel ]
/usr/bin/../share/sdcc/lib/small/libfloat.lib
                                          [ _slong2fs.rel ]
/usr/bin/../share/sdcc/lib/small/libint.lib
                                          [ _divsint.rel ]
/usr/bin/../share/sdcc/lib/small/libfloat.lib
                                          [ _fs2slong.rel ]
/usr/bin/../share/sdcc/lib/small/libsdcc.lib
                                          [ _startup.rel ]
/usr/bin/../share/sdcc/lib/small/libfloat.lib
                                          [ _fsget1arg.rel ]
/usr/bin/../share/sdcc/lib/small/libfloat.lib
                                          [ _fsrshift.rel ]

ASxxxx Linker V03.00 + NoICE + sdld,  page 35.

User Base Address Definitions

HOME = 0x0000
XSEG = 0x0001
PSEG = 0x0001
ISEG = 0x0000
BSEG = 0x0000

